---
source: crates/wisp-storybook/tests/story_fingerprints.rs
assertion_line: 98
expression: all
---
Animated click ripple (M0.13):
  - - 16
    - 16
    - 16
    - 248
  - - 16
    - 16
    - 16
    - 248
  - - 16
    - 16
    - 16
    - 248
  - - 16
    - 16
    - 16
    - 248
  - - 24
    - 24
    - 32
    - 248
  - - 24
    - 24
    - 32
    - 248
  - - 24
    - 24
    - 32
    - 248
  - - 24
    - 24
    - 32
    - 248
  - - 24
    - 24
    - 32
    - 248
  - - 24
    - 24
    - 32
    - 248
  - - 24
    - 24
    - 32
    - 248
  - - 24
    - 24
    - 32
    - 248
  - - 16
    - 16
    - 16
    - 248
  - - 16
    - 16
    - 16
    - 248
  - - 16
    - 16
    - 16
    - 248
  - - 16
    - 16
    - 16
    - 248
Bitmap text (M0.15):
  - - 16
    - 16
    - 16
    - 248
  - - 16
    - 16
    - 16
    - 248
  - - 16
    - 16
    - 16
    - 248
  - - 16
    - 16
    - 16
    - 248
  - - 32
    - 32
    - 32
    - 248
  - - 40
    - 40
    - 48
    - 248
  - - 32
    - 32
    - 32
    - 248
  - - 32
    - 32
    - 40
    - 248
  - - 16
    - 16
    - 16
    - 248
  - - 40
    - 48
    - 64
    - 248
  - - 40
    - 48
    - 56
    - 248
  - - 32
    - 40
    - 48
    - 248
  - - 16
    - 16
    - 16
    - 248
  - - 16
    - 16
    - 16
    - 248
  - - 16
    - 16
    - 16
    - 248
  - - 16
    - 16
    - 16
    - 248
Blur filter (M0.16):
  - - 16
    - 16
    - 16
    - 248
  - - 16
    - 16
    - 16
    - 248
  - - 16
    - 16
    - 16
    - 248
  - - 16
    - 16
    - 16
    - 248
  - - 24
    - 16
    - 16
    - 248
  - - 32
    - 24
    - 16
    - 248
  - - 16
    - 8
    - 16
    - 248
  - - 16
    - 16
    - 16
    - 248
  - - 24
    - 16
    - 16
    - 248
  - - 32
    - 24
    - 24
    - 248
  - - 16
    - 16
    - 16
    - 248
  - - 16
    - 16
    - 16
    - 248
  - - 16
    - 16
    - 24
    - 248
  - - 16
    - 16
    - 24
    - 248
  - - 24
    - 16
    - 24
    - 248
  - - 16
    - 16
    - 16
    - 248
Color matrix (M0.18):
  - - 16
    - 16
    - 16
    - 248
  - - 16
    - 16
    - 16
    - 248
  - - 16
    - 16
    - 16
    - 248
  - - 16
    - 16
    - 16
    - 248
  - - 16
    - 16
    - 16
    - 248
  - - 16
    - 16
    - 16
    - 248
  - - 16
    - 16
    - 16
    - 248
  - - 16
    - 16
    - 16
    - 248
  - - 16
    - 16
    - 16
    - 248
  - - 16
    - 16
    - 16
    - 248
  - - 16
    - 16
    - 16
    - 248
  - - 16
    - 16
    - 16
    - 248
  - - 16
    - 16
    - 16
    - 248
  - - 16
    - 16
    - 16
    - 248
  - - 16
    - 16
    - 16
    - 248
  - - 16
    - 16
    - 16
    - 248
Dim outside (variants) (M-MASK.7 / AUT-29):
  - - 16
    - 16
    - 16
    - 248
  - - 16
    - 16
    - 16
    - 248
  - - 16
    - 16
    - 16
    - 248
  - - 16
    - 16
    - 16
    - 248
  - - 16
    - 16
    - 24
    - 248
  - - 16
    - 16
    - 16
    - 248
  - - 16
    - 16
    - 16
    - 248
  - - 16
    - 16
    - 16
    - 248
  - - 24
    - 24
    - 32
    - 248
  - - 24
    - 24
    - 24
    - 248
  - - 16
    - 16
    - 24
    - 248
  - - 16
    - 16
    - 16
    - 248
  - - 16
    - 16
    - 16
    - 248
  - - 16
    - 16
    - 16
    - 248
  - - 16
    - 16
    - 16
    - 248
  - - 16
    - 16
    - 16
    - 248
Drop shadow (M0.17):
  - - 208
    - 216
    - 224
    - 248
  - - 208
    - 216
    - 224
    - 248
  - - 208
    - 216
    - 224
    - 248
  - - 208
    - 216
    - 224
    - 248
  - - 208
    - 216
    - 224
    - 248
  - - 192
    - 200
    - 216
    - 248
  - - 184
    - 200
    - 216
    - 248
  - - 208
    - 216
    - 224
    - 248
  - - 208
    - 216
    - 224
    - 248
  - - 192
    - 200
    - 224
    - 248
  - - 192
    - 200
    - 216
    - 248
  - - 208
    - 216
    - 224
    - 248
  - - 208
    - 216
    - 224
    - 248
  - - 208
    - 216
    - 224
    - 248
  - - 208
    - 216
    - 224
    - 248
  - - 208
    - 216
    - 224
    - 248
Dynamic mask textures (M-DYN.1 / AUT-43):
  - - 16
    - 16
    - 16
    - 248
  - - 16
    - 16
    - 16
    - 248
  - - 16
    - 16
    - 16
    - 248
  - - 16
    - 16
    - 16
    - 248
  - - 56
    - 56
    - 64
    - 248
  - - 72
    - 72
    - 80
    - 248
  - - 56
    - 56
    - 64
    - 248
  - - 32
    - 32
    - 32
    - 248
  - - 32
    - 32
    - 40
    - 248
  - - 40
    - 40
    - 40
    - 248
  - - 24
    - 24
    - 24
    - 248
  - - 16
    - 16
    - 24
    - 248
  - - 16
    - 16
    - 16
    - 248
  - - 16
    - 16
    - 16
    - 248
  - - 16
    - 16
    - 16
    - 248
  - - 16
    - 16
    - 16
    - 248
Ellipse mask (M-MASK.9 / AUT-34):
  - - 16
    - 16
    - 16
    - 248
  - - 16
    - 16
    - 16
    - 248
  - - 16
    - 16
    - 16
    - 248
  - - 16
    - 16
    - 16
    - 248
  - - 16
    - 16
    - 16
    - 248
  - - 16
    - 16
    - 16
    - 248
  - - 16
    - 16
    - 16
    - 248
  - - 24
    - 16
    - 24
    - 248
  - - 24
    - 16
    - 24
    - 248
  - - 16
    - 16
    - 16
    - 248
  - - 16
    - 16
    - 16
    - 248
  - - 24
    - 16
    - 24
    - 248
  - - 16
    - 16
    - 16
    - 248
  - - 16
    - 16
    - 16
    - 248
  - - 16
    - 16
    - 16
    - 248
  - - 16
    - 16
    - 16
    - 248
Examples gallery (M-VEC.12 / AUT-64):
  - - 16
    - 24
    - 32
    - 248
  - - 48
    - 32
    - 32
    - 248
  - - 24
    - 32
    - 32
    - 248
  - - 48
    - 40
    - 48
    - 248
  - - 16
    - 24
    - 24
    - 248
  - - 32
    - 24
    - 24
    - 248
  - - 16
    - 24
    - 24
    - 248
  - - 24
    - 24
    - 32
    - 248
  - - 40
    - 40
    - 32
    - 248
  - - 72
    - 56
    - 40
    - 248
  - - 24
    - 32
    - 32
    - 248
  - - 16
    - 24
    - 32
    - 248
  - - 16
    - 16
    - 16
    - 248
  - - 16
    - 16
    - 24
    - 248
  - - 16
    - 16
    - 24
    - 248
  - - 16
    - 16
    - 16
    - 248
Freehand path mask (M-MASK.10 / AUT-35):
  - - 16
    - 16
    - 16
    - 248
  - - 16
    - 16
    - 16
    - 248
  - - 16
    - 16
    - 16
    - 248
  - - 16
    - 16
    - 16
    - 248
  - - 16
    - 16
    - 16
    - 248
  - - 24
    - 16
    - 24
    - 248
  - - 32
    - 24
    - 24
    - 248
  - - 24
    - 16
    - 16
    - 248
  - - 16
    - 16
    - 16
    - 248
  - - 24
    - 16
    - 16
    - 248
  - - 40
    - 32
    - 24
    - 248
  - - 32
    - 24
    - 24
    - 248
  - - 16
    - 16
    - 16
    - 248
  - - 16
    - 16
    - 16
    - 248
  - - 16
    - 16
    - 16
    - 248
  - - 16
    - 16
    - 16
    - 248
Gradient fills (M0.14):
  - - 16
    - 16
    - 16
    - 248
  - - 16
    - 16
    - 16
    - 248
  - - 16
    - 16
    - 16
    - 248
  - - 16
    - 16
    - 16
    - 248
  - - 120
    - 64
    - 72
    - 248
  - - 120
    - 64
    - 72
    - 248
  - - 64
    - 56
    - 64
    - 248
  - - 64
    - 56
    - 64
    - 248
  - - 72
    - 64
    - 120
    - 248
  - - 72
    - 64
    - 120
    - 248
  - - 64
    - 56
    - 64
    - 248
  - - 64
    - 56
    - 64
    - 248
  - - 16
    - 16
    - 16
    - 248
  - - 16
    - 16
    - 16
    - 248
  - - 16
    - 16
    - 16
    - 248
  - - 16
    - 16
    - 16
    - 248
Highlight + callout overlays (M-VEC.8 / M-VEC.9):
  - - 16
    - 16
    - 16
    - 248
  - - 16
    - 16
    - 16
    - 248
  - - 16
    - 16
    - 24
    - 248
  - - 32
    - 24
    - 32
    - 248
  - - 64
    - 64
    - 56
    - 248
  - - 80
    - 80
    - 72
    - 248
  - - 24
    - 40
    - 40
    - 248
  - - 32
    - 32
    - 32
    - 248
  - - 32
    - 32
    - 24
    - 248
  - - 112
    - 88
    - 56
    - 248
  - - 16
    - 16
    - 16
    - 248
  - - 16
    - 16
    - 16
    - 248
  - - 16
    - 16
    - 16
    - 248
  - - 16
    - 16
    - 24
    - 248
  - - 16
    - 16
    - 24
    - 248
  - - 16
    - 16
    - 16
    - 248
Mask boolean ops (M-VEC.11 / AUT-63):
  - - 16
    - 16
    - 16
    - 248
  - - 16
    - 16
    - 16
    - 248
  - - 16
    - 16
    - 16
    - 248
  - - 16
    - 16
    - 16
    - 248
  - - 24
    - 24
    - 32
    - 248
  - - 16
    - 16
    - 16
    - 248
  - - 16
    - 16
    - 16
    - 248
  - - 16
    - 16
    - 24
    - 248
  - - 24
    - 24
    - 32
    - 248
  - - 16
    - 16
    - 16
    - 248
  - - 16
    - 16
    - 16
    - 248
  - - 16
    - 16
    - 24
    - 248
  - - 16
    - 16
    - 16
    - 248
  - - 16
    - 16
    - 16
    - 248
  - - 16
    - 16
    - 16
    - 248
  - - 16
    - 16
    - 16
    - 248
Motion blur (M0.18):
  - - 16
    - 16
    - 16
    - 248
  - - 16
    - 16
    - 16
    - 248
  - - 16
    - 16
    - 16
    - 248
  - - 16
    - 16
    - 16
    - 248
  - - 24
    - 16
    - 16
    - 248
  - - 24
    - 16
    - 16
    - 248
  - - 8
    - 8
    - 16
    - 248
  - - 16
    - 16
    - 16
    - 248
  - - 16
    - 16
    - 16
    - 248
  - - 24
    - 16
    - 16
    - 248
  - - 16
    - 16
    - 16
    - 248
  - - 8
    - 8
    - 16
    - 248
  - - 16
    - 16
    - 16
    - 248
  - - 16
    - 16
    - 16
    - 248
  - - 16
    - 16
    - 16
    - 248
  - - 16
    - 16
    - 16
    - 248
Nested transforms (M0.7 / M0.8):
  - - 16
    - 16
    - 16
    - 248
  - - 16
    - 16
    - 16
    - 248
  - - 16
    - 16
    - 16
    - 248
  - - 16
    - 16
    - 16
    - 248
  - - 16
    - 16
    - 16
    - 248
  - - 16
    - 24
    - 24
    - 248
  - - 16
    - 24
    - 24
    - 248
  - - 16
    - 16
    - 16
    - 248
  - - 16
    - 16
    - 16
    - 248
  - - 16
    - 24
    - 24
    - 248
  - - 16
    - 24
    - 24
    - 248
  - - 16
    - 16
    - 16
    - 248
  - - 16
    - 16
    - 16
    - 248
  - - 16
    - 16
    - 16
    - 248
  - - 16
    - 16
    - 16
    - 248
  - - 16
    - 16
    - 16
    - 248
Path stroke + arrows (M-VEC.10 / AUT-62):
  - - 16
    - 16
    - 16
    - 248
  - - 16
    - 16
    - 16
    - 248
  - - 16
    - 16
    - 16
    - 248
  - - 16
    - 16
    - 16
    - 248
  - - 16
    - 16
    - 16
    - 248
  - - 32
    - 32
    - 24
    - 248
  - - 16
    - 16
    - 24
    - 248
  - - 16
    - 16
    - 16
    - 248
  - - 16
    - 16
    - 24
    - 248
  - - 16
    - 16
    - 24
    - 248
  - - 16
    - 16
    - 24
    - 248
  - - 16
    - 16
    - 24
    - 248
  - - 16
    - 16
    - 16
    - 248
  - - 16
    - 16
    - 16
    - 248
  - - 16
    - 16
    - 16
    - 248
  - - 16
    - 16
    - 16
    - 248
Perspective rotation (M0.19):
  - - 16
    - 16
    - 16
    - 248
  - - 16
    - 16
    - 16
    - 248
  - - 16
    - 16
    - 16
    - 248
  - - 16
    - 16
    - 16
    - 248
  - - 16
    - 16
    - 16
    - 248
  - - 136
    - 160
    - 136
    - 248
  - - 136
    - 160
    - 136
    - 248
  - - 16
    - 16
    - 16
    - 248
  - - 16
    - 16
    - 16
    - 248
  - - 136
    - 160
    - 136
    - 248
  - - 136
    - 160
    - 136
    - 248
  - - 16
    - 16
    - 16
    - 248
  - - 16
    - 16
    - 16
    - 248
  - - 16
    - 16
    - 16
    - 248
  - - 16
    - 16
    - 16
    - 248
  - - 16
    - 16
    - 16
    - 248
Privacy blur strengths (M-MASK.4 / AUT-22):
  - - 16
    - 16
    - 16
    - 248
  - - 16
    - 16
    - 16
    - 248
  - - 16
    - 16
    - 16
    - 248
  - - 16
    - 16
    - 16
    - 248
  - - 24
    - 16
    - 24
    - 248
  - - 24
    - 16
    - 24
    - 248
  - - 24
    - 16
    - 24
    - 248
  - - 24
    - 16
    - 24
    - 248
  - - 24
    - 32
    - 40
    - 248
  - - 24
    - 24
    - 32
    - 248
  - - 24
    - 24
    - 24
    - 248
  - - 32
    - 24
    - 32
    - 248
  - - 16
    - 16
    - 16
    - 248
  - - 16
    - 16
    - 16
    - 248
  - - 16
    - 16
    - 16
    - 248
  - - 16
    - 16
    - 16
    - 248
Rectangle privacy blur (M-MASK.2 / AUT-20):
  - - 16
    - 16
    - 16
    - 248
  - - 16
    - 16
    - 16
    - 248
  - - 16
    - 16
    - 16
    - 248
  - - 16
    - 16
    - 16
    - 248
  - - 16
    - 16
    - 16
    - 248
  - - 72
    - 48
    - 72
    - 248
  - - 112
    - 48
    - 40
    - 248
  - - 16
    - 16
    - 16
    - 248
  - - 16
    - 16
    - 16
    - 248
  - - 48
    - 48
    - 104
    - 248
  - - 72
    - 48
    - 64
    - 248
  - - 16
    - 16
    - 16
    - 248
  - - 16
    - 16
    - 16
    - 248
  - - 16
    - 16
    - 16
    - 248
  - - 16
    - 16
    - 16
    - 248
  - - 16
    - 16
    - 16
    - 248
Rounded crop foundation (M-MASK.1 / AUT-31):
  - - 40
    - 48
    - 64
    - 248
  - - 48
    - 56
    - 72
    - 248
  - - 56
    - 56
    - 72
    - 248
  - - 40
    - 48
    - 64
    - 248
  - - 112
    - 112
    - 128
    - 248
  - - 208
    - 200
    - 176
    - 248
  - - 224
    - 200
    - 144
    - 248
  - - 128
    - 112
    - 88
    - 248
  - - 104
    - 112
    - 120
    - 248
  - - 208
    - 200
    - 176
    - 248
  - - 224
    - 200
    - 144
    - 248
  - - 128
    - 112
    - 80
    - 248
  - - 24
    - 32
    - 40
    - 248
  - - 40
    - 40
    - 48
    - 248
  - - 40
    - 40
    - 48
    - 248
  - - 24
    - 32
    - 40
    - 248
Rounded privacy blur (M-MASK.3 / AUT-21):
  - - 16
    - 16
    - 16
    - 248
  - - 16
    - 16
    - 16
    - 248
  - - 16
    - 16
    - 16
    - 248
  - - 16
    - 16
    - 16
    - 248
  - - 16
    - 16
    - 16
    - 248
  - - 72
    - 48
    - 72
    - 248
  - - 112
    - 48
    - 40
    - 248
  - - 16
    - 16
    - 16
    - 248
  - - 16
    - 16
    - 16
    - 248
  - - 48
    - 48
    - 104
    - 248
  - - 72
    - 48
    - 64
    - 248
  - - 16
    - 16
    - 16
    - 248
  - - 16
    - 16
    - 16
    - 248
  - - 16
    - 16
    - 16
    - 248
  - - 16
    - 16
    - 16
    - 248
  - - 16
    - 16
    - 16
    - 248
Rounded rect with stroke (M0.12 / M0.13):
  - - 16
    - 16
    - 16
    - 248
  - - 32
    - 40
    - 32
    - 248
  - - 32
    - 40
    - 32
    - 248
  - - 16
    - 16
    - 16
    - 248
  - - 16
    - 16
    - 16
    - 248
  - - 56
    - 88
    - 56
    - 248
  - - 56
    - 88
    - 56
    - 248
  - - 16
    - 16
    - 16
    - 248
  - - 40
    - 80
    - 104
    - 248
  - - 64
    - 152
    - 200
    - 248
  - - 152
    - 64
    - 48
    - 248
  - - 80
    - 32
    - 32
    - 248
  - - 16
    - 24
    - 32
    - 248
  - - 24
    - 40
    - 48
    - 248
  - - 40
    - 24
    - 24
    - 248
  - - 24
    - 16
    - 24
    - 248
Solid redaction (M-MASK.5 / AUT-23):
  - - 16
    - 16
    - 16
    - 248
  - - 16
    - 16
    - 16
    - 248
  - - 16
    - 16
    - 16
    - 248
  - - 16
    - 16
    - 16
    - 248
  - - 24
    - 16
    - 24
    - 248
  - - 32
    - 24
    - 24
    - 248
  - - 24
    - 24
    - 32
    - 248
  - - 32
    - 16
    - 24
    - 248
  - - 24
    - 24
    - 32
    - 248
  - - 40
    - 32
    - 32
    - 248
  - - 24
    - 32
    - 48
    - 248
  - - 24
    - 24
    - 32
    - 248
  - - 16
    - 16
    - 16
    - 248
  - - 16
    - 16
    - 16
    - 248
  - - 16
    - 16
    - 16
    - 248
  - - 16
    - 16
    - 16
    - 248
Spotlight / highlight (M-MASK.6 / AUT-28):
  - - 16
    - 16
    - 16
    - 248
  - - 16
    - 16
    - 16
    - 248
  - - 16
    - 16
    - 16
    - 248
  - - 16
    - 16
    - 16
    - 248
  - - 16
    - 16
    - 16
    - 248
  - - 8
    - 0
    - 8
    - 248
  - - 40
    - 24
    - 16
    - 248
  - - 16
    - 16
    - 16
    - 248
  - - 16
    - 16
    - 16
    - 248
  - - 0
    - 8
    - 8
    - 248
  - - 8
    - 0
    - 8
    - 248
  - - 16
    - 16
    - 16
    - 248
  - - 16
    - 16
    - 16
    - 248
  - - 16
    - 16
    - 16
    - 248
  - - 16
    - 16
    - 16
    - 248
  - - 16
    - 16
    - 16
    - 248
Sprite batcher (M0.9):
  - - 16
    - 16
    - 32
    - 248
  - - 24
    - 24
    - 24
    - 248
  - - 24
    - 32
    - 24
    - 248
  - - 32
    - 32
    - 32
    - 248
  - - 24
    - 24
    - 24
    - 248
  - - 16
    - 24
    - 32
    - 248
  - - 32
    - 24
    - 32
    - 248
  - - 24
    - 32
    - 24
    - 248
  - - 24
    - 32
    - 24
    - 248
  - - 32
    - 24
    - 32
    - 248
  - - 16
    - 16
    - 32
    - 248
  - - 24
    - 24
    - 24
    - 248
  - - 32
    - 32
    - 32
    - 248
  - - 24
    - 32
    - 24
    - 248
  - - 24
    - 24
    - 24
    - 248
  - - 16
    - 16
    - 32
    - 248
Text + filter + blend composition (M-TEXT.6):
  - - 216
    - 96
    - 72
    - 248
  - - 216
    - 96
    - 72
    - 248
  - - 216
    - 88
    - 64
    - 248
  - - 216
    - 88
    - 64
    - 248
  - - 200
    - 80
    - 56
    - 248
  - - 192
    - 80
    - 56
    - 248
  - - 208
    - 80
    - 56
    - 248
  - - 216
    - 88
    - 64
    - 248
  - - 208
    - 88
    - 64
    - 248
  - - 200
    - 88
    - 64
    - 248
  - - 208
    - 88
    - 64
    - 248
  - - 216
    - 88
    - 64
    - 248
  - - 216
    - 88
    - 64
    - 248
  - - 216
    - 88
    - 64
    - 248
  - - 216
    - 88
    - 64
    - 248
  - - 216
    - 88
    - 64
    - 248
Text → RenderTexture → Sprite (M-TEXT.5):
  - - 24
    - 24
    - 16
    - 248
  - - 24
    - 24
    - 16
    - 248
  - - 16
    - 16
    - 16
    - 248
  - - 16
    - 16
    - 16
    - 248
  - - 16
    - 16
    - 16
    - 248
  - - 16
    - 16
    - 16
    - 248
  - - 16
    - 16
    - 16
    - 248
  - - 16
    - 16
    - 16
    - 248
  - - 16
    - 16
    - 24
    - 248
  - - 16
    - 24
    - 32
    - 248
  - - 16
    - 24
    - 32
    - 248
  - - 16
    - 16
    - 16
    - 248
  - - 16
    - 16
    - 16
    - 248
  - - 16
    - 16
    - 16
    - 248
  - - 16
    - 16
    - 16
    - 248
  - - 16
    - 16
    - 16
    - 248
Textured quad (M0.6):
  - - 16
    - 16
    - 16
    - 248
  - - 16
    - 16
    - 16
    - 248
  - - 16
    - 16
    - 16
    - 248
  - - 16
    - 16
    - 16
    - 248
  - - 16
    - 16
    - 16
    - 248
  - - 40
    - 40
    - 48
    - 248
  - - 40
    - 40
    - 48
    - 248
  - - 16
    - 16
    - 16
    - 248
  - - 16
    - 16
    - 16
    - 248
  - - 40
    - 40
    - 48
    - 248
  - - 40
    - 40
    - 48
    - 248
  - - 16
    - 16
    - 16
    - 248
  - - 16
    - 16
    - 16
    - 248
  - - 16
    - 16
    - 16
    - 248
  - - 16
    - 16
    - 16
    - 248
  - - 16
    - 16
    - 16
    - 248
Vector primitives (M-VEC.2 / AUT-54):
  - - 16
    - 16
    - 16
    - 248
  - - 16
    - 16
    - 16
    - 248
  - - 16
    - 16
    - 16
    - 248
  - - 16
    - 16
    - 16
    - 248
  - - 24
    - 40
    - 48
    - 248
  - - 56
    - 40
    - 32
    - 248
  - - 32
    - 32
    - 32
    - 248
  - - 32
    - 32
    - 32
    - 248
  - - 24
    - 40
    - 48
    - 248
  - - 56
    - 40
    - 40
    - 248
  - - 32
    - 32
    - 40
    - 248
  - - 32
    - 32
    - 32
    - 248
  - - 16
    - 16
    - 16
    - 248
  - - 16
    - 16
    - 16
    - 248
  - - 16
    - 16
    - 16
    - 248
  - - 16
    - 16
    - 16
    - 248
Webcam shapes (M-MASK.8 / AUT-30):
  - - 32
    - 40
    - 64
    - 248
  - - 32
    - 40
    - 64
    - 248
  - - 32
    - 40
    - 64
    - 248
  - - 32
    - 40
    - 64
    - 248
  - - 32
    - 40
    - 56
    - 248
  - - 32
    - 40
    - 56
    - 248
  - - 32
    - 40
    - 56
    - 248
  - - 32
    - 40
    - 56
    - 248
  - - 24
    - 32
    - 48
    - 248
  - - 24
    - 32
    - 48
    - 248
  - - 24
    - 32
    - 48
    - 248
  - - 24
    - 32
    - 48
    - 248
  - - 24
    - 32
    - 40
    - 248
  - - 24
    - 32
    - 48
    - 248
  - - 24
    - 32
    - 40
    - 248
  - - 24
    - 32
    - 40
    - 248
