---
source: crates/wisp-storybook/tests/story_fingerprints.rs
assertion_line: 98
expression: all
---
Animated click ripple (M0.13):
  - - 16
    - 16
    - 16
    - 248
  - - 16
    - 16
    - 16
    - 248
  - - 16
    - 16
    - 16
    - 248
  - - 16
    - 16
    - 16
    - 248
  - - 24
    - 24
    - 32
    - 248
  - - 24
    - 24
    - 32
    - 248
  - - 24
    - 24
    - 32
    - 248
  - - 24
    - 24
    - 32
    - 248
  - - 24
    - 24
    - 32
    - 248
  - - 24
    - 24
    - 32
    - 248
  - - 24
    - 24
    - 32
    - 248
  - - 24
    - 24
    - 32
    - 248
  - - 16
    - 16
    - 16
    - 248
  - - 16
    - 16
    - 16
    - 248
  - - 16
    - 16
    - 16
    - 248
  - - 16
    - 16
    - 16
    - 248
Bitmap text (M0.15):
  - - 16
    - 16
    - 16
    - 248
  - - 16
    - 16
    - 16
    - 248
  - - 16
    - 16
    - 16
    - 248
  - - 16
    - 16
    - 16
    - 248
  - - 32
    - 32
    - 32
    - 248
  - - 40
    - 40
    - 48
    - 248
  - - 32
    - 32
    - 32
    - 248
  - - 32
    - 32
    - 40
    - 248
  - - 16
    - 16
    - 16
    - 248
  - - 40
    - 48
    - 64
    - 248
  - - 40
    - 48
    - 56
    - 248
  - - 32
    - 40
    - 48
    - 248
  - - 16
    - 16
    - 16
    - 248
  - - 16
    - 16
    - 16
    - 248
  - - 16
    - 16
    - 16
    - 248
  - - 16
    - 16
    - 16
    - 248
Blur filter (M0.16):
  - - 16
    - 16
    - 16
    - 248
  - - 16
    - 16
    - 16
    - 248
  - - 16
    - 16
    - 16
    - 248
  - - 16
    - 16
    - 16
    - 248
  - - 24
    - 16
    - 16
    - 248
  - - 32
    - 24
    - 16
    - 248
  - - 16
    - 8
    - 16
    - 248
  - - 16
    - 16
    - 16
    - 248
  - - 24
    - 16
    - 16
    - 248
  - - 32
    - 24
    - 24
    - 248
  - - 16
    - 16
    - 16
    - 248
  - - 16
    - 16
    - 16
    - 248
  - - 16
    - 16
    - 24
    - 248
  - - 16
    - 16
    - 24
    - 248
  - - 24
    - 16
    - 24
    - 248
  - - 16
    - 16
    - 16
    - 248
Color matrix (M0.18):
  - - 16
    - 16
    - 16
    - 248
  - - 16
    - 16
    - 16
    - 248
  - - 16
    - 16
    - 16
    - 248
  - - 16
    - 16
    - 16
    - 248
  - - 16
    - 16
    - 16
    - 248
  - - 16
    - 16
    - 16
    - 248
  - - 16
    - 16
    - 16
    - 248
  - - 16
    - 16
    - 16
    - 248
  - - 16
    - 16
    - 16
    - 248
  - - 16
    - 16
    - 16
    - 248
  - - 16
    - 16
    - 16
    - 248
  - - 16
    - 16
    - 16
    - 248
  - - 16
    - 16
    - 16
    - 248
  - - 16
    - 16
    - 16
    - 248
  - - 16
    - 16
    - 16
    - 248
  - - 16
    - 16
    - 16
    - 248
Drop shadow (M0.17):
  - - 16
    - 16
    - 16
    - 248
  - - 16
    - 16
    - 16
    - 248
  - - 16
    - 16
    - 16
    - 248
  - - 16
    - 16
    - 16
    - 248
  - - 16
    - 16
    - 16
    - 248
  - - 16
    - 24
    - 40
    - 248
  - - 16
    - 24
    - 40
    - 248
  - - 16
    - 16
    - 16
    - 248
  - - 16
    - 16
    - 16
    - 248
  - - 16
    - 24
    - 40
    - 248
  - - 16
    - 24
    - 40
    - 248
  - - 16
    - 16
    - 16
    - 248
  - - 16
    - 16
    - 16
    - 248
  - - 16
    - 16
    - 16
    - 248
  - - 16
    - 16
    - 16
    - 248
  - - 16
    - 16
    - 16
    - 248
Gradient fills (M0.14):
  - - 16
    - 16
    - 16
    - 248
  - - 16
    - 16
    - 16
    - 248
  - - 16
    - 16
    - 16
    - 248
  - - 16
    - 16
    - 16
    - 248
  - - 120
    - 64
    - 72
    - 248
  - - 120
    - 64
    - 72
    - 248
  - - 64
    - 56
    - 64
    - 248
  - - 64
    - 56
    - 64
    - 248
  - - 72
    - 64
    - 120
    - 248
  - - 72
    - 64
    - 120
    - 248
  - - 64
    - 56
    - 64
    - 248
  - - 64
    - 56
    - 64
    - 248
  - - 16
    - 16
    - 16
    - 248
  - - 16
    - 16
    - 16
    - 248
  - - 16
    - 16
    - 16
    - 248
  - - 16
    - 16
    - 16
    - 248
Motion blur (M0.18):
  - - 16
    - 16
    - 16
    - 248
  - - 16
    - 16
    - 16
    - 248
  - - 16
    - 16
    - 16
    - 248
  - - 16
    - 16
    - 16
    - 248
  - - 24
    - 16
    - 16
    - 248
  - - 24
    - 16
    - 16
    - 248
  - - 16
    - 16
    - 16
    - 248
  - - 16
    - 16
    - 16
    - 248
  - - 16
    - 16
    - 16
    - 248
  - - 24
    - 16
    - 16
    - 248
  - - 16
    - 16
    - 16
    - 248
  - - 16
    - 16
    - 16
    - 248
  - - 16
    - 16
    - 16
    - 248
  - - 16
    - 16
    - 16
    - 248
  - - 16
    - 16
    - 16
    - 248
  - - 16
    - 16
    - 16
    - 248
Nested transforms (M0.7 / M0.8):
  - - 16
    - 16
    - 16
    - 248
  - - 16
    - 16
    - 16
    - 248
  - - 16
    - 16
    - 16
    - 248
  - - 16
    - 16
    - 16
    - 248
  - - 16
    - 16
    - 16
    - 248
  - - 16
    - 24
    - 24
    - 248
  - - 16
    - 24
    - 24
    - 248
  - - 16
    - 16
    - 16
    - 248
  - - 16
    - 16
    - 16
    - 248
  - - 16
    - 24
    - 24
    - 248
  - - 16
    - 24
    - 24
    - 248
  - - 16
    - 16
    - 16
    - 248
  - - 16
    - 16
    - 16
    - 248
  - - 16
    - 16
    - 16
    - 248
  - - 16
    - 16
    - 16
    - 248
  - - 16
    - 16
    - 16
    - 248
Perspective rotation (M0.19):
  - - 16
    - 16
    - 16
    - 248
  - - 16
    - 16
    - 16
    - 248
  - - 16
    - 16
    - 16
    - 248
  - - 16
    - 16
    - 16
    - 248
  - - 16
    - 16
    - 16
    - 248
  - - 136
    - 160
    - 136
    - 248
  - - 136
    - 160
    - 136
    - 248
  - - 16
    - 16
    - 16
    - 248
  - - 16
    - 16
    - 16
    - 248
  - - 136
    - 160
    - 136
    - 248
  - - 136
    - 160
    - 136
    - 248
  - - 16
    - 16
    - 16
    - 248
  - - 16
    - 16
    - 16
    - 248
  - - 16
    - 16
    - 16
    - 248
  - - 16
    - 16
    - 16
    - 248
  - - 16
    - 16
    - 16
    - 248
Rectangle privacy blur (M-MASK.2 / AUT-20):
  - - 16
    - 16
    - 16
    - 248
  - - 16
    - 16
    - 16
    - 248
  - - 16
    - 16
    - 16
    - 248
  - - 16
    - 16
    - 16
    - 248
  - - 16
    - 16
    - 16
    - 248
  - - 72
    - 48
    - 72
    - 248
  - - 112
    - 48
    - 40
    - 248
  - - 16
    - 16
    - 16
    - 248
  - - 16
    - 16
    - 16
    - 248
  - - 48
    - 48
    - 104
    - 248
  - - 72
    - 48
    - 64
    - 248
  - - 16
    - 16
    - 16
    - 248
  - - 16
    - 16
    - 16
    - 248
  - - 16
    - 16
    - 16
    - 248
  - - 16
    - 16
    - 16
    - 248
  - - 16
    - 16
    - 16
    - 248
Rounded crop foundation (M-MASK.1 / AUT-31):
  - - 40
    - 48
    - 64
    - 248
  - - 48
    - 56
    - 72
    - 248
  - - 56
    - 56
    - 72
    - 248
  - - 40
    - 48
    - 64
    - 248
  - - 112
    - 112
    - 128
    - 248
  - - 208
    - 200
    - 176
    - 248
  - - 224
    - 200
    - 144
    - 248
  - - 128
    - 112
    - 88
    - 248
  - - 104
    - 112
    - 120
    - 248
  - - 208
    - 200
    - 176
    - 248
  - - 224
    - 200
    - 144
    - 248
  - - 128
    - 112
    - 80
    - 248
  - - 24
    - 32
    - 40
    - 248
  - - 40
    - 40
    - 48
    - 248
  - - 40
    - 40
    - 48
    - 248
  - - 24
    - 32
    - 40
    - 248
Rounded privacy blur (M-MASK.3 / AUT-21):
  - - 16
    - 16
    - 16
    - 248
  - - 16
    - 16
    - 16
    - 248
  - - 16
    - 16
    - 16
    - 248
  - - 16
    - 16
    - 16
    - 248
  - - 16
    - 16
    - 16
    - 248
  - - 72
    - 48
    - 72
    - 248
  - - 112
    - 48
    - 40
    - 248
  - - 16
    - 16
    - 16
    - 248
  - - 16
    - 16
    - 16
    - 248
  - - 48
    - 48
    - 104
    - 248
  - - 72
    - 48
    - 64
    - 248
  - - 16
    - 16
    - 16
    - 248
  - - 16
    - 16
    - 16
    - 248
  - - 16
    - 16
    - 16
    - 248
  - - 16
    - 16
    - 16
    - 248
  - - 16
    - 16
    - 16
    - 248
Rounded rect with stroke (M0.12 / M0.13):
  - - 16
    - 16
    - 16
    - 248
  - - 32
    - 40
    - 32
    - 248
  - - 32
    - 40
    - 32
    - 248
  - - 16
    - 16
    - 16
    - 248
  - - 16
    - 16
    - 16
    - 248
  - - 56
    - 88
    - 56
    - 248
  - - 56
    - 88
    - 56
    - 248
  - - 16
    - 16
    - 16
    - 248
  - - 40
    - 80
    - 104
    - 248
  - - 64
    - 152
    - 200
    - 248
  - - 152
    - 64
    - 48
    - 248
  - - 80
    - 32
    - 32
    - 248
  - - 16
    - 24
    - 32
    - 248
  - - 24
    - 40
    - 48
    - 248
  - - 40
    - 24
    - 24
    - 248
  - - 24
    - 16
    - 24
    - 248
Sprite batcher (M0.9):
  - - 16
    - 16
    - 32
    - 248
  - - 24
    - 24
    - 24
    - 248
  - - 24
    - 32
    - 24
    - 248
  - - 32
    - 32
    - 32
    - 248
  - - 24
    - 24
    - 24
    - 248
  - - 16
    - 24
    - 32
    - 248
  - - 32
    - 24
    - 32
    - 248
  - - 24
    - 32
    - 24
    - 248
  - - 24
    - 32
    - 24
    - 248
  - - 32
    - 24
    - 32
    - 248
  - - 16
    - 16
    - 32
    - 248
  - - 24
    - 24
    - 24
    - 248
  - - 32
    - 32
    - 32
    - 248
  - - 24
    - 32
    - 24
    - 248
  - - 24
    - 24
    - 24
    - 248
  - - 16
    - 16
    - 32
    - 248
Textured quad (M0.6):
  - - 16
    - 16
    - 16
    - 248
  - - 16
    - 16
    - 16
    - 248
  - - 16
    - 16
    - 16
    - 248
  - - 16
    - 16
    - 16
    - 248
  - - 16
    - 16
    - 16
    - 248
  - - 40
    - 40
    - 48
    - 248
  - - 40
    - 40
    - 48
    - 248
  - - 16
    - 16
    - 16
    - 248
  - - 16
    - 16
    - 16
    - 248
  - - 40
    - 40
    - 48
    - 248
  - - 40
    - 40
    - 48
    - 248
  - - 16
    - 16
    - 16
    - 248
  - - 16
    - 16
    - 16
    - 248
  - - 16
    - 16
    - 16
    - 248
  - - 16
    - 16
    - 16
    - 248
  - - 16
    - 16
    - 16
    - 248
